../Core/Inc/max3485.h:16:10:calculateCRC	24	static
../Core/Inc/max3485.h:41:6:sendCommand	40	static
../Core/Inc/max3485.h:65:6:readResponse	56	dynamic
../Core/Inc/ui.h:35:6:ui	24	static
../Core/Inc/SSR.h:11:6:relay	16	static
../Core/Inc/LED.h:18:6:Set_LED	24	static
../Core/Inc/LED.h:28:6:WS2812_Send	32	static
../Core/Inc/LED.h:66:6:HAL_TIM_PWM_PulseFinishedCallback	16	static
../Core/Src/main.c:100:5:main	32	static
../Core/Src/main.c:197:6:SystemClock_Config	120	static
../Core/Src/main.c:244:13:MX_TIM2_Init	64	static
../Core/Src/main.c:303:13:MX_USART1_UART_Init	8	static
../Core/Src/main.c:336:13:MX_DMA_Init	16	static
../Core/Src/main.c:354:13:MX_GPIO_Init	40	static
../Core/Src/main.c:412:6:HAL_GPIO_EXTI_Callback	16	static
../Core/Src/main.c:450:6:Error_Handler	4	static,ignoring_inline_asm
